[fontawesome.dashgame.com/assets/ico/favicon.ico]
[backblue.gif]
[fade.gif]
[index.html]
[cdn.bootcss.com/toastr.js/latest/css/toastr.min.css]
[fontawesome.dashgame.com/assets/font-awesome-4.7.0.zip]
[bdimg.share.baidu.com/static/api/js/share6e53.js]
[fontawesome.dashgame.com/assets/js/widgets.js]
[use.fonticons.com/ffe176a3.js]
[apps.bdimg.com/libs/jquery/1.11.3/jquery.min.js]
[apps.bdimg.com/libs/bootstrap/3.3.4/js/bootstrap.min.js]
[fontawesome.dashgame.com/assets/js/jquery.smint.js]
[fontawesome.dashgame.com/assets/js/jquery.scrollTo.min.js]
[cdn.bootcss.com/zclip/1.1.2/jquery.zclip.min.js]
[cdn.bootcss.com/toastr.js/latest/js/toastr.min.js]
[fontawesome.dashgame.com/assets/js/site.js]
[fontawesome.dashgame.com/index.html]
[fontawesome.dashgame.com/assets/css/site.css]
[fontawesome.dashgame.com/assets/css/pygments.css]
[fontawesome.dashgame.com/assets/font-awesome/fonts/fontawesome-webfont3e6e.eot]
[fontawesome.dashgame.com/assets/font-awesome/fonts/fontawesome-webfontd41d.eot]
[fontawesome.dashgame.com/assets/font-awesome/fonts/fontawesome-webfont3e6e.ttf]
[fontawesome.dashgame.com/assets/font-awesome/css/font-awesome.css]
[cdn.bootcss.com/toastr.js/latest/css/toastr.min.css]
[fontawesome.dashgame.com/assets/css/fix.css]
[apps.bdimg.com/libs/jquery/1.11.3/jquery.min.js]
[apps.bdimg.com/libs/bootstrap/3.3.4/js/bootstrap.min.js]
[fontawesome.dashgame.com/assets/font-awesome/fonts/fontawesome-webfont3e6e.html]
[fontawesome.dashgame.com/assets/font-awesome/fonts/fontawesome-webfont3e6e-2.html]
[fontawesome.dashgame.com/assets/font-awesome/fonts/fontawesome-webfont3e6e.svg]
[fontawesome.dashgame.com/Popover requires tooltip.html]
