[v3.bootcss.com/index.html]
[backblue.gif]
[fade.gif]
[index.html]
[v3.bootcss.com/dist/css/bootstrap.min.css]
[v3.bootcss.com/assets/css/docs.min.css]
[v3.bootcss.com/assets/css/patch.css]
[v3.bootcss.com/assets/js/ie-emulation-modes-warning.js]
[v3.bootcss.com/apple-touch-icon.png]
[v3.bootcss.com/favicon.ico]
[v3.bootcss.com/assets/img/sass-less.png]
[v3.bootcss.com/assets/img/devices.png]
[v3.bootcss.com/assets/img/components.png]
[static.bootcss.com/expo/img/3/61/34091ac7072297a889fe986b0238e.png]
[v3.bootcss.com/getting-started/index.html]
[v3.bootcss.com/css/index.html]
[v3.bootcss.com/components/index.html]
[v3.bootcss.com/javascript/index.html]
[v3.bootcss.com/customize/index.html]
[static.bootcss.com/expo/img/7/b5/f9c2f01fad1f23574156e0577a06c.jpg]
[static.bootcss.com/expo/img/9/77/9aa20712a7dba02b00e73db495950.png]
[static.bootcss.com/expo/img/6/56/aecc20901cc436b5cd10911302e0b.png]
[v3.bootcss.com/about/index.html]
[v3.bootcss.com/assets/js/vendor/jquery.min.js]
[cdn.bootcss.com/jquery/1.12.4/jquery.min.js]
[cdn.bootcss.com/bootstrap/3.3.7/js/bootstrap.min.js]
[v3.bootcss.com/assets/js/docs.min.js]
[v3.bootcss.com/index.html]
[v3.bootcss.com/assets/js/ie10-viewport-bug-workaround.js]
[v3.bootcss.com/dist/fonts/glyphicons-halflings-regular.woff2]
[v3.bootcss.com/dist/fonts/glyphicons-halflings-regular.eot]
[v3.bootcss.com/dist/fonts/glyphicons-halflings-regular.woff]
[v3.bootcss.com/dist/fonts/glyphicons-halflings-regulard41d.eot]
[v3.bootcss.com/dist/css/bootstrap.min.css]
[v3.bootcss.com/assets/css/docs.min.css]
[v3.bootcss.com/assets/css/patch.css]
[v3.bootcss.com/dist/fonts/glyphicons-halflings-regular.svg]
[v3.bootcss.com/dist/fonts/glyphicons-halflings-regular.ttf]
[v3.bootcss.com/examples/screenshots/starter-template.jpg]
[v3.bootcss.com/examples/starter-template/index.html]
[v3.bootcss.com/examples/screenshots/theme.jpg]
[v3.bootcss.com/examples/theme/index.html]
[v3.bootcss.com/examples/screenshots/grid.jpg]
[v3.bootcss.com/examples/grid/index.html]
[v3.bootcss.com/examples/screenshots/jumbotron.jpg]
[v3.bootcss.com/examples/jumbotron/index.html]
[v3.bootcss.com/examples/screenshots/jumbotron-narrow.jpg]
[v3.bootcss.com/examples/jumbotron-narrow/index.html]
[v3.bootcss.com/examples/screenshots/navbar.jpg]
[v3.bootcss.com/examples/navbar/index.html]
[v3.bootcss.com/examples/navbar-static-top/index.html]
[v3.bootcss.com/examples/screenshots/navbar-static.jpg]
[v3.bootcss.com/examples/screenshots/navbar-fixed.jpg]
[v3.bootcss.com/examples/navbar-fixed-top/index.html]
[v3.bootcss.com/examples/screenshots/cover.jpg]
[v3.bootcss.com/examples/cover/index.html]
[v3.bootcss.com/examples/screenshots/carousel.jpg]
[v3.bootcss.com/examples/carousel/index.html]
[v3.bootcss.com/examples/screenshots/blog.jpg]
[v3.bootcss.com/examples/screenshots/dashboard.jpg]
[v3.bootcss.com/examples/blog/index.html]
[v3.bootcss.com/examples/dashboard/index.html]
[v3.bootcss.com/examples/screenshots/sign-in.jpg]
[v3.bootcss.com/examples/signin/index.html]
[v3.bootcss.com/examples/screenshots/justified-nav.jpg]
[v3.bootcss.com/examples/justified-nav/index.html]
[v3.bootcss.com/examples/screenshots/sticky-footer.jpg]
[v3.bootcss.com/examples/sticky-footer/index.html]
[v3.bootcss.com/examples/screenshots/sticky-footer-navbar.jpg]
[v3.bootcss.com/examples/screenshots/non-responsive.jpg]
[v3.bootcss.com/examples/sticky-footer-navbar/index.html]
[v3.bootcss.com/examples/screenshots/offcanvas.jpg]
[v3.bootcss.com/examples/non-responsive/index.html]
[v3.bootcss.com/examples/offcanvas/index.html]
[v3.bootcss.com/getting-started/index.html]
[v3.bootcss.com/migration/index.html]
[v3.bootcss.com/browser-bugs/index.html]
[v3.bootcss.com/css/index.html]
[v3.bootcss.com/components/index.html]
[v3.bootcss.com/javascript/index.html]
[v3.bootcss.com/customize/index.html]
[secure.gravatar.com/avatar/bc4ab438f7a4ce1c406aadc688427f2cc3b8.jpeg]
[secure.gravatar.com/avatar/a98244cbdacaf1c0b55499466002f7a8c3b8.png]
[secure.gravatar.com/avatar/edec428c425453955f770095a7d26c50c3b8.png]
[secure.gravatar.com/avatar/0f7dd3ce58a416be5685ea6194f82b11c3b8.jpeg]
[secure.gravatar.com/avatar/e37759b1ea0125d4e97b1e00b5eed26fc3b8.jpeg]
[secure.gravatar.com/avatar/0d53f5d3d3d28bd470f394d98f7ef48fc3b8.png]
[secure.gravatar.com/avatar/357f279672db832fc41a5a2f36559fcbc3b8.jpeg]
[secure.gravatar.com/avatar/24cd55ab1a62ffb113ab8c02f64c9301c3b8.jpeg]
[secure.gravatar.com/avatar/729f685b8e8d7e9feed18c177c82e59bc3b8.jpeg]
[v3.bootcss.com/assets/brand/bootstrap-solid.svg]
[v3.bootcss.com/assets/brand/bootstrap-outline.svg]
[v3.bootcss.com/about/index.html]
[v3.bootcss.com/dist/fonts/glyphicons-halflings-regular.svg]
[v3.bootcss.com/assets/brand/bootstrap-punchout.svg]
[v3.bootcss.com/assets/css/ie10-viewport-bug-workaround.css]
[cdn.bootcss.com/bootstrap/3.3.7/css/bootstrap.min.css]
[v3.bootcss.com/examples/starter-template/index.html]
[v3.bootcss.com/assets/js/customize.min.js]
[v3.bootcss.com/dist/css/bootstrap-theme.min.css]
[v3.bootcss.com/examples/theme/index.html]
[v3.bootcss.com/examples/grid/index.html]
[v3.bootcss.com/examples/grid/grid.css]
[v3.bootcss.com/examples/jumbotron/index.html]
[v3.bootcss.com/examples/jumbotron-narrow/index.html]
[v3.bootcss.com/examples/jumbotron-narrow/jumbotron-narrow.css]
[v3.bootcss.com/examples/navbar/index.html]
[v3.bootcss.com/examples/navbar-static-top/index.html]
[v3.bootcss.com/examples/navbar-fixed-top/index.html]
[v3.bootcss.com/examples/cover/index.html]
[v3.bootcss.com/examples/cover/cover.css]
[v3.bootcss.com/examples/carousel/carousel.css]
[v3.bootcss.com/examples/carousel/index.html]
[v3.bootcss.com/assets/js/vendor/holder.min.js]
[v3.bootcss.com/examples/blog/index.html]
[v3.bootcss.com/examples/blog/blog.css]
[v3.bootcss.com/examples/dashboard/index.html]
[v3.bootcss.com/examples/dashboard/dashboard.css]
[v3.bootcss.com/examples/signin/index.html]
[v3.bootcss.com/examples/signin/signin.css]
[v3.bootcss.com/examples/justified-nav/index.html]
[v3.bootcss.com/examples/justified-nav/justified-nav.css]
[v3.bootcss.com/examples/sticky-footer/sticky-footer.css]
[v3.bootcss.com/examples/sticky-footer/index.html]
[v3.bootcss.com/examples/sticky-footer-navbar/sticky-footer-navbar.css]
[v3.bootcss.com/examples/sticky-footer-navbar/index.html]
[v3.bootcss.com/examples/non-responsive/index.html]
[v3.bootcss.com/examples/non-responsive/non-responsive.css]
[v3.bootcss.com/examples/offcanvas/offcanvas.css]
[v3.bootcss.com/examples/offcanvas/offcanvas.js]
[v3.bootcss.com/examples/offcanvas/index.html]
[v3.bootcss.com/migration/index.html]
[v3.bootcss.com/browser-bugs/index.html]
[v3.bootcss.com/customize/alert.html]
[v3.bootcss.com/customize/button.html]
[v3.bootcss.com/customize/carousel.html]
[v3.bootcss.com/customize/dropdown.html]
[v3.bootcss.com/customize/modal.html]
[v3.bootcss.com/customize/tooltip.html]
[v3.bootcss.com/customize/tab.html]
[v3.bootcss.com/customize/affix.html]
[v3.bootcss.com/customize/collapse.html]
[v3.bootcss.com/customize/scrollspy.html]
[v3.bootcss.com/customize/transition.html]
[v3.bootcss.com/assets/brand/bootstrap-solid.svg]
[v3.bootcss.com/assets/brand/bootstrap-outline.svg]
[v3.bootcss.com/assets/brand/bootstrap-punchout.svg]
[cdn.bootcss.com/bootstrap/3.3.7/css/bootstrap.min.css]
[v3.bootcss.com/assets/css/ie10-viewport-bug-workaround.css]
[v3.bootcss.com/examples/starter-template/starter-template.css]
[v3.bootcss.com/dist/css/bootstrap-theme.min.css]
[v3.bootcss.com/examples/theme/theme.css]
[v3.bootcss.com/examples/grid/grid.css]
[v3.bootcss.com/examples/jumbotron/jumbotron.css]
[v3.bootcss.com/examples/jumbotron-narrow/jumbotron-narrow.css]
[v3.bootcss.com/examples/navbar/navbar.css]
[v3.bootcss.com/examples/navbar-static-top/navbar-static-top.css]
[v3.bootcss.com/examples/navbar-fixed-top/navbar-fixed-top.css]
[v3.bootcss.com/examples/cover/cover.css]
[v3.bootcss.com/examples/carousel/carousel.css]
[v3.bootcss.com/examples/blog/blog.css]
[v3.bootcss.com/examples/dashboard/dashboard.css]
[v3.bootcss.com/examples/signin/signin.css]
[v3.bootcss.com/examples/justified-nav/justified-nav.css]
[v3.bootcss.com/examples/sticky-footer/sticky-footer.css]
[v3.bootcss.com/examples/sticky-footer-navbar/sticky-footer-navbar.css]
[v3.bootcss.com/examples/non-responsive/non-responsive.css]
[v3.bootcss.com/examples/offcanvas/offcanvas.css]
